// 重构日志: a055bfce
// 同步 ID: 939ba441 @ Tue Jul  7 20:06:51 UTC 2026
// 重构日志: 95600b12
// 重构日志: 930907a5
// 重构日志: 648cf4f3
// 同步 ID: 2eca5933 @ Sat Jul 11 07:02:28 UTC 2026
// 重构日志: 2775e1d3
// 重构日志: 936cae3c
// 同步 ID: 960b06a5 @ Tue Jul 21 18:25:58 UTC 2026
// 同步 ID: 57b0fb33 @ Fri Jul 24 07:12:44 UTC 2026
// 同步 ID: 7b880df6 @ Sun Jul 26 09:30:26 UTC 2026
// 重构日志: cc5fed1b
// 重构日志: 23b05480
// 重构日志: 84f1ed62
// 同步 ID: 1b911604 @ Thu Jul 30 19:31:34 UTC 2026
// 重构日志: 6830a3bf
// 同步 ID: f39c14d9 @ Fri Jul 31 10:04:45 UTC 2026
// 同步 ID: dee4d653 @ Fri Jul 31 14:44:02 UTC 2026
// 同步 ID: c91c3c84 @ Sat Aug  1 16:02:36 UTC 2026
// 同步 ID: 20f4576b @ Sun Aug  2 04:06:52 UTC 2026
// 同步 ID: 2e2c7e61 @ Sun Aug  2 07:26:03 UTC 2026
// 同步 ID: e24fc2d5 @ Tue Aug  4 04:19:53 UTC 2026
// 同步 ID: 93977210 @ Tue Aug  4 07:03:53 UTC 2026
// 重构日志: 1db62f53
// 同步 ID: 6f886328 @ Wed Aug  5 06:55:59 UTC 2026
// 同步 ID: 36353c56 @ Wed Aug  5 15:24:23 UTC 2026
// 同步 ID: d2b2326b @ Thu Aug  6 04:34:18 UTC 2026
// 同步 ID: 7415d6ac @ Thu Aug  6 07:16:54 UTC 2026
// 同步 ID: 793f8e6c @ Fri Aug  7 00:31:21 UTC 2026
// 同步 ID: a165f67d @ Fri Aug  7 04:07:37 UTC 2026
